******************************************************************************
                  TI ARM Linker Unix v20.2.7                   
******************************************************************************
>> Linked Sun Jul  7 17:00:23 2024

OUTPUT FILE NAME:   <a12_edge_triggered_Interrupt.out>
ENTRY POINT SYMBOL: "_c_int00_noargs"  address: 00000591


MEMORY CONFIGURATION

         name            origin    length      used     unused   attr    fill
----------------------  --------  ---------  --------  --------  ----  --------
  FLASH                 00000000   00040000  000005fe  0003fa02  R  X
  SRAM                  20000000   00008000  00000204  00007dfc  RW X


SEGMENT ALLOCATION MAP

run origin  load origin   length   init length attrs members
----------  ----------- ---------- ----------- ----- -------
00000000    00000000    00000600   00000600    r-x
  00000000    00000000    0000026c   0000026c    r-- .intvecs
  0000026c    0000026c    0000037a   0000037a    r-x .text
  000005e8    000005e8    00000018   00000018    r-- .cinit
20000000    20000000    00000204   00000000    rw-
  20000000    20000000    00000200   00000000    rw- .stack
  20000200    20000200    00000004   00000000    rw- .data


SECTION ALLOCATION MAP

 output                                  attributes/
section   page    origin      length       input sections
--------  ----  ----------  ----------   ----------------
.intvecs   0    00000000    0000026c     
                  00000000    0000026c     tm4c123gh6pm_startup_ccs.obj (.intvecs)

.text      0    0000026c    0000037a     
                  0000026c    000001dc     main.obj (.text)
                  00000448    0000009c     rtsv7M4_T_le_v4SPD16_eabi.lib : memcpy_t2.asm.obj (.text)
                  000004e4    00000068                                   : copy_decompress_lzss.c.obj (.text:decompress:lzss:__TI_decompress_lzss)
                  0000054c    00000044                                   : autoinit.c.obj (.text:__TI_auto_init_nobinit_nopinit:__TI_auto_init_nobinit_nopinit)
                  00000590    00000034                                   : boot_cortex_m.c.obj (.text:_c_int00_noargs:_c_int00_noargs)
                  000005c4    0000000e                                   : copy_decompress_none.c.obj (.text:decompress:none:__TI_decompress_none)
                  000005d2    0000000c     tm4c123gh6pm_startup_ccs.obj (.text)
                  000005de    00000004     rtsv7M4_T_le_v4SPD16_eabi.lib : pre_init.c.obj (.text:_system_pre_init)
                  000005e2    00000004                                   : exit.c.obj (.text:abort:abort)

.cinit     0    000005e8    00000018     
                  000005e8    00000008     (__TI_handler_table)
                  000005f0    00000007     (.cinit..data.load) [load image, compression = lzss]
                  000005f7    00000001     --HOLE-- [fill = 0]
                  000005f8    00000008     (__TI_cinit_table)

.init_array 
*          0    00000000    00000000     UNINITIALIZED

.data      0    20000200    00000004     UNINITIALIZED
                  20000200    00000004     main.obj (.data)

.stack     0    20000000    00000200     UNINITIALIZED
                  20000000    00000004     rtsv7M4_T_le_v4SPD16_eabi.lib : boot_cortex_m.c.obj (.stack)
                  20000004    000001fc     --HOLE--

__llvm_prf_cnts 
*          0    20000000    00000000     UNINITIALIZED

MODULE SUMMARY

       Module                         code   ro data   rw data
       ------                         ----   -------   -------
    ./
       tm4c123gh6pm_startup_ccs.obj   12     620       0      
       main.obj                       476    0         4      
    +--+------------------------------+------+---------+---------+
       Total:                         488    620       4      
                                                              
    /Applications/ti/ccs1271/ccs/tools/compiler/ti-cgt-arm_20.2.7.LTS/lib/rtsv7M4_T_le_v4SPD16_eabi.lib
       memcpy_t2.asm.obj              156    0         0      
       copy_decompress_lzss.c.obj     104    0         0      
       autoinit.c.obj                 68     0         0      
       boot_cortex_m.c.obj            52     0         0      
       copy_decompress_none.c.obj     14     0         0      
       exit.c.obj                     4      0         0      
       pre_init.c.obj                 4      0         0      
    +--+------------------------------+------+---------+---------+
       Total:                         402    0         0      
                                                              
       Stack:                         0      0         512    
       Linker Generated:              0      23        0      
    +--+------------------------------+------+---------+---------+
       Grand Total:                   890    643       516    


LINKER GENERATED COPY TABLES

__TI_cinit_table @ 000005f8 records: 1, size/record: 8, table size: 8
	.data: load addr=000005f0, load size=00000007 bytes, run addr=20000200, run size=00000004 bytes, compression=lzss


LINKER GENERATED HANDLER TABLE

__TI_handler_table @ 000005e8 records: 2, size/record: 4, table size: 8
	index: 0, handler: __TI_decompress_lzss
	index: 1, handler: __TI_decompress_none


GLOBAL SYMBOLS: SORTED ALPHABETICALLY BY Name 

address   name                          
-------   ----                          
000005e3  C$$EXIT                       
20000200  FallingEdges                  
0000031f  GPIOPortF_Handler             
0000027f  PortF_Init                    
000005d3  ResetISR                      
0000033b  SysTick_Init                  
00000357  SysTick_Wait                  
00000377  SysTick_Wait100ms             
20000200  __STACK_END                   
00000200  __STACK_SIZE                  
20000200  __STACK_TOP                   
000005f8  __TI_CINIT_Base               
00000600  __TI_CINIT_Limit              
000005e8  __TI_Handler_Table_Base       
000005f0  __TI_Handler_Table_Limit      
0000054d  __TI_auto_init_nobinit_nopinit
000004e5  __TI_decompress_lzss          
000005c5  __TI_decompress_none          
ffffffff  __TI_pprof_out_hndl           
ffffffff  __TI_prof_data_size           
ffffffff  __TI_prof_data_start          
00000000  __TI_static_base__            
00000449  __aeabi_memcpy                
00000449  __aeabi_memcpy4               
00000449  __aeabi_memcpy8               
ffffffff  __binit__                     
ffffffff  __c_args__                    
UNDEFED   __mpu_init                    
20000000  __stack                       
20000000  __start___llvm_prf_cnts       
20000000  __stop___llvm_prf_cnts        
00000591  _c_int00_noargs               
UNDEFED   _system_post_cinit            
000005df  _system_pre_init              
000005e3  abort                         
ffffffff  binit                         
000003d5  digitalReadF                  
0000039d  digitalWriteF                 
00000000  g_pfnVectors                  
0000026d  main                          
00000449  memcpy                        


GLOBAL SYMBOLS: SORTED BY Symbol Address 

address   name                          
-------   ----                          
00000000  __TI_static_base__            
00000000  g_pfnVectors                  
00000200  __STACK_SIZE                  
0000026d  main                          
0000027f  PortF_Init                    
0000031f  GPIOPortF_Handler             
0000033b  SysTick_Init                  
00000357  SysTick_Wait                  
00000377  SysTick_Wait100ms             
0000039d  digitalWriteF                 
000003d5  digitalReadF                  
00000449  __aeabi_memcpy                
00000449  __aeabi_memcpy4               
00000449  __aeabi_memcpy8               
00000449  memcpy                        
000004e5  __TI_decompress_lzss          
0000054d  __TI_auto_init_nobinit_nopinit
00000591  _c_int00_noargs               
000005c5  __TI_decompress_none          
000005d3  ResetISR                      
000005df  _system_pre_init              
000005e3  C$$EXIT                       
000005e3  abort                         
000005e8  __TI_Handler_Table_Base       
000005f0  __TI_Handler_Table_Limit      
000005f8  __TI_CINIT_Base               
00000600  __TI_CINIT_Limit              
20000000  __stack                       
20000000  __start___llvm_prf_cnts       
20000000  __stop___llvm_prf_cnts        
20000200  FallingEdges                  
20000200  __STACK_END                   
20000200  __STACK_TOP                   
ffffffff  __TI_pprof_out_hndl           
ffffffff  __TI_prof_data_size           
ffffffff  __TI_prof_data_start          
ffffffff  __binit__                     
ffffffff  __c_args__                    
ffffffff  binit                         
UNDEFED   __mpu_init                    
UNDEFED   _system_post_cinit            

[41 symbols]
