******************************************************************************
                  TI ARM Linker Unix v20.2.7                   
******************************************************************************
>> Linked Sat Jun 29 15:33:02 2024

OUTPUT FILE NAME:   <a08_DC_Motor_Control_using_L293D.out>
ENTRY POINT SYMBOL: "_c_int00_noargs"  address: 00000565


MEMORY CONFIGURATION

         name            origin    length      used     unused   attr    fill
----------------------  --------  ---------  --------  --------  ----  --------
  FLASH                 00000000   00040000  000005da  0003fa26  R  X
  SRAM                  20000000   00008000  00000208  00007df8  RW X


SEGMENT ALLOCATION MAP

run origin  load origin   length   init length attrs members
----------  ----------- ---------- ----------- ----- -------
00000000    00000000    000005e0   000005e0    r-x
  00000000    00000000    0000026c   0000026c    r-- .intvecs
  0000026c    0000026c    0000034e   0000034e    r-x .text
  000005c0    000005c0    00000020   00000020    r-- .cinit
20000000    20000000    00000208   00000000    rw-
  20000000    20000000    00000200   00000000    rw- .stack
  20000200    20000200    00000008   00000000    rw- .data


SECTION ALLOCATION MAP

 output                                  attributes/
section   page    origin      length       input sections
--------  ----  ----------  ----------   ----------------
.intvecs   0    00000000    0000026c     
                  00000000    0000026c     tm4c123gh6pm_startup_ccs.obj (.intvecs)

.text      0    0000026c    0000034e     
                  0000026c    000001b0     main.obj (.text)
                  0000041c    0000009c     rtsv7M4_T_le_v4SPD16_eabi.lib : memcpy_t2.asm.obj (.text)
                  000004b8    00000068                                   : copy_decompress_lzss.c.obj (.text:decompress:lzss:__TI_decompress_lzss)
                  00000520    00000044                                   : autoinit.c.obj (.text:__TI_auto_init_nobinit_nopinit:__TI_auto_init_nobinit_nopinit)
                  00000564    00000034                                   : boot_cortex_m.c.obj (.text:_c_int00_noargs:_c_int00_noargs)
                  00000598    0000000e                                   : copy_decompress_none.c.obj (.text:decompress:none:__TI_decompress_none)
                  000005a6    0000000c     tm4c123gh6pm_startup_ccs.obj (.text)
                  000005b2    00000004     rtsv7M4_T_le_v4SPD16_eabi.lib : pre_init.c.obj (.text:_system_pre_init)
                  000005b6    00000004                                   : exit.c.obj (.text:abort:abort)

.cinit     0    000005c0    00000020     
                  000005c0    0000000d     (.cinit..data.load) [load image, compression = lzss]
                  000005cd    00000003     --HOLE-- [fill = 0]
                  000005d0    00000008     (__TI_handler_table)
                  000005d8    00000008     (__TI_cinit_table)

.init_array 
*          0    00000000    00000000     UNINITIALIZED

.data      0    20000200    00000008     UNINITIALIZED
                  20000200    00000008     main.obj (.data)

.stack     0    20000000    00000200     UNINITIALIZED
                  20000000    00000004     rtsv7M4_T_le_v4SPD16_eabi.lib : boot_cortex_m.c.obj (.stack)
                  20000004    000001fc     --HOLE--

__llvm_prf_cnts 
*          0    20000000    00000000     UNINITIALIZED

MODULE SUMMARY

       Module                         code   ro data   rw data
       ------                         ----   -------   -------
    ./
       tm4c123gh6pm_startup_ccs.obj   12     620       0      
       main.obj                       432    0         8      
    +--+------------------------------+------+---------+---------+
       Total:                         444    620       8      
                                                              
    /Applications/ti/ccs1271/ccs/tools/compiler/ti-cgt-arm_20.2.7.LTS/lib/rtsv7M4_T_le_v4SPD16_eabi.lib
       memcpy_t2.asm.obj              156    0         0      
       copy_decompress_lzss.c.obj     104    0         0      
       autoinit.c.obj                 68     0         0      
       boot_cortex_m.c.obj            52     0         0      
       copy_decompress_none.c.obj     14     0         0      
       exit.c.obj                     4      0         0      
       pre_init.c.obj                 4      0         0      
    +--+------------------------------+------+---------+---------+
       Total:                         402    0         0      
                                                              
       Stack:                         0      0         512    
       Linker Generated:              0      29        0      
    +--+------------------------------+------+---------+---------+
       Grand Total:                   846    649       520    


LINKER GENERATED COPY TABLES

__TI_cinit_table @ 000005d8 records: 1, size/record: 8, table size: 8
	.data: load addr=000005c0, load size=0000000d bytes, run addr=20000200, run size=00000008 bytes, compression=lzss


LINKER GENERATED HANDLER TABLE

__TI_handler_table @ 000005d0 records: 2, size/record: 4, table size: 8
	index: 0, handler: __TI_decompress_lzss
	index: 1, handler: __TI_decompress_none


GLOBAL SYMBOLS: SORTED ALPHABETICALLY BY Name 

address   name                          
-------   ----                          
000005b7  C$$EXIT                       
0000035f  Delay_ms                      
000005a7  ResetISR                      
00000323  SysTick_Init                  
0000033f  SysTick_Wait                  
20000200  __STACK_END                   
00000200  __STACK_SIZE                  
20000200  __STACK_TOP                   
000005d8  __TI_CINIT_Base               
000005e0  __TI_CINIT_Limit              
000005d0  __TI_Handler_Table_Base       
000005d8  __TI_Handler_Table_Limit      
00000521  __TI_auto_init_nobinit_nopinit
000004b9  __TI_decompress_lzss          
00000599  __TI_decompress_none          
ffffffff  __TI_pprof_out_hndl           
ffffffff  __TI_prof_data_size           
ffffffff  __TI_prof_data_start          
00000000  __TI_static_base__            
0000041d  __aeabi_memcpy                
0000041d  __aeabi_memcpy4               
0000041d  __aeabi_memcpy8               
ffffffff  __binit__                     
ffffffff  __c_args__                    
UNDEFED   __mpu_init                    
20000000  __stack                       
20000000  __start___llvm_prf_cnts       
20000000  __stop___llvm_prf_cnts        
00000565  _c_int00_noargs               
UNDEFED   _system_post_cinit            
000005b3  _system_pre_init              
000005b7  abort                         
ffffffff  binit                         
20000204  delay                         
000003bf  digitalReadE                  
00000387  digitalWriteE                 
20000200  enable_motor1                 
00000000  g_pfnVectors                  
0000026d  main                          
0000041d  memcpy                        
20000201  out1                          
20000202  out2                          
000002ed  portE_init                    
20000203  push_button                   


GLOBAL SYMBOLS: SORTED BY Symbol Address 

address   name                          
-------   ----                          
00000000  __TI_static_base__            
00000000  g_pfnVectors                  
00000200  __STACK_SIZE                  
0000026d  main                          
000002ed  portE_init                    
00000323  SysTick_Init                  
0000033f  SysTick_Wait                  
0000035f  Delay_ms                      
00000387  digitalWriteE                 
000003bf  digitalReadE                  
0000041d  __aeabi_memcpy                
0000041d  __aeabi_memcpy4               
0000041d  __aeabi_memcpy8               
0000041d  memcpy                        
000004b9  __TI_decompress_lzss          
00000521  __TI_auto_init_nobinit_nopinit
00000565  _c_int00_noargs               
00000599  __TI_decompress_none          
000005a7  ResetISR                      
000005b3  _system_pre_init              
000005b7  C$$EXIT                       
000005b7  abort                         
000005d0  __TI_Handler_Table_Base       
000005d8  __TI_CINIT_Base               
000005d8  __TI_Handler_Table_Limit      
000005e0  __TI_CINIT_Limit              
20000000  __stack                       
20000000  __start___llvm_prf_cnts       
20000000  __stop___llvm_prf_cnts        
20000200  __STACK_END                   
20000200  __STACK_TOP                   
20000200  enable_motor1                 
20000201  out1                          
20000202  out2                          
20000203  push_button                   
20000204  delay                         
ffffffff  __TI_pprof_out_hndl           
ffffffff  __TI_prof_data_size           
ffffffff  __TI_prof_data_start          
ffffffff  __binit__                     
ffffffff  __c_args__                    
ffffffff  binit                         
UNDEFED   __mpu_init                    
UNDEFED   _system_post_cinit            

[44 symbols]
