******************************************************************************
                  TI ARM Linker Unix v20.2.7                   
******************************************************************************
>> Linked Fri Jul 19 15:09:20 2024

OUTPUT FILE NAME:   <a14_generation_PWM_to_controll_dc_motors.out>
ENTRY POINT SYMBOL: "_c_int00_noargs"  address: 00000575


MEMORY CONFIGURATION

         name            origin    length      used     unused   attr    fill
----------------------  --------  ---------  --------  --------  ----  --------
  FLASH                 00000000   00040000  000005ec  0003fa14  R  X
  SRAM                  20000000   00008000  00000208  00007df8  RW X


SEGMENT ALLOCATION MAP

run origin  load origin   length   init length attrs members
----------  ----------- ---------- ----------- ----- -------
00000000    00000000    000005ec   000005ec    r-x
  00000000    00000000    0000026c   0000026c    r-- .intvecs
  0000026c    0000026c    0000036c   0000036c    r-x .text
  000005d8    000005d8    00000014   00000014    r-- .cinit
20000000    20000000    00000208   00000000    rw-
  20000000    20000000    00000200   00000000    rw- .stack
  20000200    20000200    00000008   00000000    rw- .bss


SECTION ALLOCATION MAP

 output                                  attributes/
section   page    origin      length       input sections
--------  ----  ----------  ----------   ----------------
.intvecs   0    00000000    0000026c     
                  00000000    0000026c     tm4c123gh6pm_startup_ccs.obj (.intvecs)

.text      0    0000026c    0000036c     
                  0000026c    000002c4     main.obj (.text)
                  00000530    00000044     rtsv7M4_T_le_v4SPD16_eabi.lib : autoinit.c.obj (.text:__TI_auto_init_nobinit_nopinit:__TI_auto_init_nobinit_nopinit)
                  00000574    00000034                                   : boot_cortex_m.c.obj (.text:_c_int00_noargs:_c_int00_noargs)
                  000005a8    0000001c                                   : copy_zero_init.c.obj (.text:decompress:ZI:__TI_zero_init_nomemset:__TI_zero_init_nomemset)
                  000005c4    0000000c     tm4c123gh6pm_startup_ccs.obj (.text)
                  000005d0    00000004     rtsv7M4_T_le_v4SPD16_eabi.lib : pre_init.c.obj (.text:_system_pre_init)
                  000005d4    00000004                                   : exit.c.obj (.text:abort:abort)

.cinit     0    000005d8    00000014     
                  000005d8    00000008     (.cinit..bss.load) [load image, compression = zero_init]
                  000005e0    00000004     (__TI_handler_table)
                  000005e4    00000008     (__TI_cinit_table)

.init_array 
*          0    00000000    00000000     UNINITIALIZED

.bss       0    20000200    00000008     UNINITIALIZED
                  20000200    00000004     (.common:H)
                  20000204    00000004     (.common:L)

.stack     0    20000000    00000200     UNINITIALIZED
                  20000000    00000004     rtsv7M4_T_le_v4SPD16_eabi.lib : boot_cortex_m.c.obj (.stack)
                  20000004    000001fc     --HOLE--

__llvm_prf_cnts 
*          0    20000000    00000000     UNINITIALIZED

MODULE SUMMARY

       Module                         code   ro data   rw data
       ------                         ----   -------   -------
    ./
       main.obj                       708    0         8      
       tm4c123gh6pm_startup_ccs.obj   12     620       0      
    +--+------------------------------+------+---------+---------+
       Total:                         720    620       8      
                                                              
    /Applications/ti/ccs1271/ccs/tools/compiler/ti-cgt-arm_20.2.7.LTS/lib/rtsv7M4_T_le_v4SPD16_eabi.lib
       autoinit.c.obj                 68     0         0      
       boot_cortex_m.c.obj            52     0         0      
       copy_zero_init.c.obj           28     0         0      
       exit.c.obj                     4      0         0      
       pre_init.c.obj                 4      0         0      
    +--+------------------------------+------+---------+---------+
       Total:                         156    0         0      
                                                              
       Stack:                         0      0         512    
       Linker Generated:              0      20        0      
    +--+------------------------------+------+---------+---------+
       Grand Total:                   876    640       520    


LINKER GENERATED COPY TABLES

__TI_cinit_table @ 000005e4 records: 1, size/record: 8, table size: 8
	.bss: load addr=000005d8, load size=00000008 bytes, run addr=20000200, run size=00000008 bytes, compression=zero_init


LINKER GENERATED HANDLER TABLE

__TI_handler_table @ 000005e0 records: 1, size/record: 4, table size: 4
	index: 0, handler: __TI_zero_init


GLOBAL SYMBOLS: SORTED ALPHABETICALLY BY Name 

address   name                          
-------   ----                          
000005d5  C$$EXIT                       
000003d1  GPIOPortF_Handler             
20000200  H                             
20000204  L                             
0000026d  Motor_Init                    
00000427  PLL_Init                      
000005c5  ResetISR                      
0000032b  Switch_Init                   
000002f7  SysTick_Handler               
20000200  __STACK_END                   
00000200  __STACK_SIZE                  
20000200  __STACK_TOP                   
000005e4  __TI_CINIT_Base               
000005ec  __TI_CINIT_Limit              
000005e0  __TI_Handler_Table_Base       
000005e4  __TI_Handler_Table_Limit      
00000531  __TI_auto_init_nobinit_nopinit
ffffffff  __TI_pprof_out_hndl           
ffffffff  __TI_prof_data_size           
ffffffff  __TI_prof_data_start          
00000000  __TI_static_base__            
000005a9  __TI_zero_init_nomemset       
ffffffff  __binit__                     
ffffffff  __c_args__                    
UNDEFED   __mpu_init                    
20000000  __stack                       
20000000  __start___llvm_prf_cnts       
20000000  __stop___llvm_prf_cnts        
00000575  _c_int00_noargs               
UNDEFED   _system_post_cinit            
000005d1  _system_pre_init              
000005d5  abort                         
ffffffff  binit                         
00000000  g_pfnVectors                  
0000048d  main                          


GLOBAL SYMBOLS: SORTED BY Symbol Address 

address   name                          
-------   ----                          
00000000  __TI_static_base__            
00000000  g_pfnVectors                  
00000200  __STACK_SIZE                  
0000026d  Motor_Init                    
000002f7  SysTick_Handler               
0000032b  Switch_Init                   
000003d1  GPIOPortF_Handler             
00000427  PLL_Init                      
0000048d  main                          
00000531  __TI_auto_init_nobinit_nopinit
00000575  _c_int00_noargs               
000005a9  __TI_zero_init_nomemset       
000005c5  ResetISR                      
000005d1  _system_pre_init              
000005d5  C$$EXIT                       
000005d5  abort                         
000005e0  __TI_Handler_Table_Base       
000005e4  __TI_CINIT_Base               
000005e4  __TI_Handler_Table_Limit      
000005ec  __TI_CINIT_Limit              
20000000  __stack                       
20000000  __start___llvm_prf_cnts       
20000000  __stop___llvm_prf_cnts        
20000200  H                             
20000200  __STACK_END                   
20000200  __STACK_TOP                   
20000204  L                             
ffffffff  __TI_pprof_out_hndl           
ffffffff  __TI_prof_data_size           
ffffffff  __TI_prof_data_start          
ffffffff  __binit__                     
ffffffff  __c_args__                    
ffffffff  binit                         
UNDEFED   __mpu_init                    
UNDEFED   _system_post_cinit            

[35 symbols]
